producer_class	xtools.gsea.Gsea
producer_timestamp	1388013779568
param	collapse	false
param	cls	/Users/vphan/Quynh/NextGenSeq/CushingAcromegalyStudy/data/processed/GSEA_pheno_Acromegaly.cls#ACRO_versus_CON
param	plot_top_x	20
param	norm	meandiv
param	save_rnd_lists	false
param	median	false
param	num	100
param	scoring_scheme	weighted
param	make_sets	true
param	mode	Max_probe
param	gmx	/Users/vphan/gsea_home/output/dec25/export_.gseaftp.broadinstitute.org___pub_gsea_annotations_GENE_SYMBOL.chip.gmx
param	gui	false
param	metric	Signal2Noise
param	rpt_label	my_analysis
param	help	false
param	order	descending
param	out	/Users/vphan/gsea_home/output/dec25
param	permute	phenotype
param	rnd_type	no_balance
param	set_min	3
param	include_only_symbols	true
param	sort	real
param	rnd_seed	timestamp
param	nperm	1000
param	zip_report	false
param	set_max	100
param	res	/Users/vphan/Quynh/NextGenSeq/CushingAcromegalyStudy/data/processed/GSEA_input_Acromegaly_DESeq_Annotated.txt

file	/Users/vphan/gsea_home/output/dec25/my_analysis.Gsea.1388013779568/index.html
